[Licensing::Module] Trying to connect to existing licensing client channel...
Built from '6000.3/staging' branch; Version is '6000.3.24f1 (4e7b9b5b6244) revision 5143451'; Using compiler version '194234433'; Build Type 'Release'
OS: 'Windows 11  (10.0.26300) Professional' Language: 'en' Physical Memory: 24341 MB
[Licensing::IpcConnector] Successfully connected to: "LicenseClient-WINDOWS" at "2026-10-02T05:38:51.3479849Z"
BatchMode: 1, IsHumanControllingUs: 0, StartBugReporterOnCrash: 0, Is64bit: 1
System  architecture: x64
Process architecture: x64
Date: 2026-10-02T05:38:51Z
[Licensing::Client] Code 10 while verifying Licensing Client signature (process Id: 16356, path: "C:/Program Files/Unity Hub/UnityLicensingClient_V1/Unity.Licensing.Client.exe")
[Licensing::Module] LicensingClient has failed validation; ignoring
[Licensing::Client] Handshaking with LicensingClient:
  Version:                 1.18.3+d7ffd15
  Session Id:              b79ac7de21f442ec98e6b9b0d60ff67e
  Correlation Id:          6de55cee78aa6e31727bda6a760655ea
  External correlation Id: 5170914655128610344
  Machine Id:              hfCP91SaXawvx3V2+ZchTsguZsk=
[Licensing::Module] Successfully connected to LicensingClient on channel: "LicenseClient-WINDOWS" (connect: 0.00s, validation: 0.00s, handshake: 0.06s)
[Licensing::IpcConnector] Successfully connected to: "LicenseClient-WINDOWS-notifications" at "2026-10-02T05:38:51.407826Z"
[Licensing::Module] Error: Access token is unavailable; failed to update
[Licensing::Client] Successfully resolved entitlement details
[Licensing::Module] License group:
  Id: 18968493067679-UnityPersXXXX
  Product: Unity Personal
  Type: Assigned
  Expiration: Unlimited
[Licensing::Client] Successfully updated license, isAsync: True, time: 0.00
[Licensing::Client] Successfully resolved entitlement details
[Licensing::Module] Licensing Background thread has ended after 0.06s

COMMAND LINE ARGUMENTS:
C:\Program Files\Unity\Hub\Editor\6000.3.24f1\Editor\Unity.exe
-batchmode
-projectPath
e:\game\Push the Box
-executeMethod
PushTheBox.EditorTools.SceneSetupHelper.SetupScene
-quit
-logFile
e:\game\Push the Box\setup_final.log
Successfully changed project path to: e:\game\Push the Box
E:/game/Push the Box
[UnityMemory] Configuration Parameters - Can be set up in boot.config
    "memorysetup-temp-allocator-size-nav-mesh-worker=65536"
    "memorysetup-temp-allocator-size-audio-worker=65536"
    "memorysetup-temp-allocator-size-gfx=262144"
    "memorysetup-allocator-temp-initial-block-size-main=262144"
    "memorysetup-allocator-temp-initial-block-size-worker=262144"
    "memorysetup-temp-allocator-size-background-worker=32768"
    "memorysetup-temp-allocator-size-job-worker=262144"
    "memorysetup-temp-allocator-size-preload-manager=33554432"
    "memorysetup-remapper-allocator-initial-capacity=32768"
    "memorysetup-temp-allocator-size-gi-baking-worker=262144"
    "memorysetup-temp-allocator-size-gi-baking-worker=262144"
    "memorysetup-temp-allocator-size-gi-baking-worker=262144"
    "memorysetup-temp-allocator-size-gi-baking-worker=262144"
    "memorysetup-temp-allocator-size-gi-baking-worker=262144"
    "memorysetup-bucket-allocator-granularity=16"
    "memorysetup-bucket-allocator-bucket-count=8"
    "memorysetup-bucket-allocator-block-size=33554432"
    "memorysetup-bucket-allocator-block-count=8"
    "memorysetup-main-allocator-block-size=16777216"
    "memorysetup-thread-allocator-block-size=16777216"
    "memorysetup-gfx-main-allocator-block-size=16777216"
    "memorysetup-gfx-thread-allocator-block-size=16777216"
    "memorysetup-cache-allocator-block-size=4194304"
    "memorysetup-typetree-allocator-block-size=2097152"
    "memorysetup-profiler-bucket-allocator-granularity=16"
    "memorysetup-profiler-bucket-allocator-bucket-count=8"
    "memorysetup-profiler-bucket-allocator-block-size=33554432"
    "memorysetup-profiler-bucket-allocator-block-count=8"
    "memorysetup-profiler-allocator-block-size=16777216"
    "memorysetup-profiler-editor-allocator-block-size=1048576"
    "memorysetup-temp-allocator-size-main=16777216"
    "memorysetup-job-temp-allocator-block-size=2097152"
    "memorysetup-job-temp-allocator-block-size-background=1048576"
    "memorysetup-job-temp-allocator-reduction-small-platforms=262144"
    "memorysetup-temp-allocator-size-cloud-worker=32768"
Player connection [32500]  Target information:

Player connection [32500]  * "[IP] 192.168.1.21 [Port] 55504 [Flags] 2 [Guid] 2857762882 [EditorId] 2857762882 [Version] 1048832 [Id] WindowsEditor(7,TheNV) [Debug] 1 [PackageName] WindowsEditor [ProjectName] Editor" 

Player connection [32500] Host joined multi-casting on [225.0.0.222:54997]...
Player connection [32500] Host joined alternative multi-casting on [225.0.0.222:34997]...
Input System module state changed to: Initialized.
[Physics::Module] Initialized fallback backend.
[Physics::Module] Id: 0xdecafbad
[Package Manager] Connected to IPC stream "Upm-36180" after 0.2 seconds.
[Licensing::Client] Successfully resolved entitlement details
Library Redirect Path: Library/
[Physics::Module] Selected backend.
[Physics::Module] Name: PhysX
[Physics::Module] Id: 0xf2b8ea05
[Physics::Module] SDK Version: 4.1.2
[Physics::Module] Integration Version: 1.0.0
[Physics::Module] Threading Mode: Multi-Threaded
Refreshing native plugins compatible for Editor in 0.00 ms, found 0 plugins.
Preloading 0 native plugins for Editor in 0.00 ms.
Initialize engine version: 6000.3.24f1 (4e7b9b5b6244)
[Subsystems] Discovering subsystems at path C:/Program Files/Unity/Hub/Editor/6000.3.24f1/Editor/Data/Resources/UnitySubsystems
[Subsystems] Discovering subsystems at path E:/game/Push the Box/Assets
GfxDevice: creating device client; kGfxThreadingModeNonThreaded
d3d12: failed to query info queue interface (0x80004002).
Direct3D:
    Version:         Direct3D 12 [level 12.1]
    Renderer:        Intel(R) UHD Graphics 750 (ID=0x4c8a)
    Vendor:          Intel
    VRAM:            12170 MB
    App VRAM Budget: 11402 MB
    Driver:          31.0.101.5334
    Unified Memory Architecture
    Cache Coherent UMA
Initialize mono
Mono path[0] = 'C:/Program Files/Unity/Hub/Editor/6000.3.24f1/Editor/Data/Managed'
Mono path[1] = 'C:/Program Files/Unity/Hub/Editor/6000.3.24f1/Editor/Data/MonoBleedingEdge/lib/mono/unityjit-win32'
Mono config path = 'C:/Program Files/Unity/Hub/Editor/6000.3.24f1/Editor/Data/MonoBleedingEdge/etc'
Using monoOptions --debugger-agent=transport=dt_socket,embedding=1,server=y,suspend=n,address=127.0.0.1:56180
Using cacheserver namespaces - metadata:defaultmetadata, artifacts:defaultartifacts
Using cacheserver namespaces - metadata:defaultmetadata, artifacts:defaultartifacts
ImportWorker Server TCP listen port: 0
AcceleratorClientConnectionCallback - disconnected - :0
Begin MonoManager ReloadAssembly
Registering precompiled unity dll's ...
Register platform support module: C:/Program Files/Unity/Hub/Editor/6000.3.24f1/Editor/Data/PlaybackEngines/WindowsStandaloneSupport/UnityEditor.WindowsStandalone.Extensions.dll
[Licensing::Client] Successfully resolved entitlement details
Register platform support module: C:/Program Files/Unity/Hub/Editor/6000.3.24f1/Editor/Data/PlaybackEngines/AndroidPlayer/UnityEditor.Android.Extensions.dll
Registered in 0.003429 seconds.
- Loaded All Assemblies, in  0.369 seconds
Native extension for Android target not found
Native extension for WindowsStandalone target not found
Package Manager log level set to [2]
ScheduleIndexationOnStartup MainProcess:False IndexOnStartup:False
Mono: successfully reloaded assembly
- Finished resetting the current domain, in  0.381 seconds
Domain Reload Profiling: 749ms
	BeginReloadAssembly (123ms)
		ExecutionOrderSort (0ms)
		DisableScriptedObjects (0ms)
		BackupInstance (0ms)
		ReleaseScriptingObjects (0ms)
		CreateAndSetChildDomain (11ms)
	RebuildCommonClasses (35ms)
	RebuildNativeTypeToScriptingClass (12ms)
	initialDomainReloadingComplete (43ms)
	LoadAllAssembliesAndSetupDomain (156ms)
		LoadAssemblies (111ms)
		RebuildTransferFunctionScriptingTraits (0ms)
		AnalyzeDomain (152ms)
			TypeCache.Refresh (149ms)
				TypeCache.ScanAssembly (137ms)
			BuildScriptInfoCaches (0ms)
			ResolveRequiredComponents (1ms)
	FinalizeReload (381ms)
		ReleaseScriptCaches (0ms)
		RebuildScriptCaches (0ms)
		SetupLoadedEditorAssemblies (343ms)
			LogAssemblyErrors (0ms)
			InitializePlatformSupportModulesInManaged (55ms)
			SetLoadedEditorAssemblies (3ms)
			BeforeProcessingInitializeOnLoad (73ms)
			ProcessInitializeOnLoadAttributes (125ms)
			ProcessInitializeOnLoadMethodAttributes (87ms)
			AfterProcessingInitializeOnLoad (0ms)
			EditorAssembliesLoaded (0ms)
		ExecutionOrderSort2 (0ms)
		AwakeInstancesAfterBackupRestoration (0ms)
[Licensing::Client] Successfully resolved entitlement details
Application.AssetDatabase Initial Refresh Start
[Package Manager] Restoring resolved packages state from cache
[Licensing::Client] Successfully resolved entitlement details
[Package Manager] Registered 39 packages:
  Built-in packages:
    com.unity.ugui@2.0.0 (location: E:\game\Push the Box\Library\PackageCache\com.unity.ugui@b996e7548785)
    com.unity.2d.sprite@1.0.0 (location: E:\game\Push the Box\Library\PackageCache\com.unity.2d.sprite@5b922524bd83)
    com.unity.multiplayer.center@1.0.1 (location: E:\game\Push the Box\Library\PackageCache\com.unity.multiplayer.center@f01f4ba8d00a)
    com.unity.modules.accessibility@1.0.0 (location: E:\game\Push the Box\Library\PackageCache\com.unity.modules.accessibility)
    com.unity.modules.adaptiveperformance@1.0.0 (location: E:\game\Push the Box\Library\PackageCache\com.unity.modules.adaptiveperformance)
    com.unity.modules.ai@1.0.0 (location: E:\game\Push the Box\Library\PackageCache\com.unity.modules.ai)
    com.unity.modules.androidjni@1.0.0 (location: E:\game\Push the Box\Library\PackageCache\com.unity.modules.androidjni)
    com.unity.modules.animation@1.0.0 (location: E:\game\Push the Box\Library\PackageCache\com.unity.modules.animation)
    com.unity.modules.assetbundle@1.0.0 (location: E:\game\Push the Box\Library\PackageCache\com.unity.modules.assetbundle)
    com.unity.modules.audio@1.0.0 (location: E:\game\Push the Box\Library\PackageCache\com.unity.modules.audio)
    com.unity.modules.cloth@1.0.0 (location: E:\game\Push the Box\Library\PackageCache\com.unity.modules.cloth)
    com.unity.modules.director@1.0.0 (location: E:\game\Push the Box\Library\PackageCache\com.unity.modules.director)
    com.unity.modules.imageconversion@1.0.0 (location: E:\game\Push the Box\Library\PackageCache\com.unity.modules.imageconversion)
    com.unity.modules.imgui@1.0.0 (location: E:\game\Push the Box\Library\PackageCache\com.unity.modules.imgui)
    com.unity.modules.jsonserialize@1.0.0 (location: E:\game\Push the Box\Library\PackageCache\com.unity.modules.jsonserialize)
    com.unity.modules.particlesystem@1.0.0 (location: E:\game\Push the Box\Library\PackageCache\com.unity.modules.particlesystem)
    com.unity.modules.physics@1.0.0 (location: E:\game\Push the Box\Library\PackageCache\com.unity.modules.physics)
    com.unity.modules.physics2d@1.0.0 (location: E:\game\Push the Box\Library\PackageCache\com.unity.modules.physics2d)
    com.unity.modules.screencapture@1.0.0 (location: E:\game\Push the Box\Library\PackageCache\com.unity.modules.screencapture)
    com.unity.modules.terrain@1.0.0 (location: E:\game\Push the Box\Library\PackageCache\com.unity.modules.terrain)
    com.unity.modules.terrainphysics@1.0.0 (location: E:\game\Push the Box\Library\PackageCache\com.unity.modules.terrainphysics)
    com.unity.modules.tilemap@1.0.0 (location: E:\game\Push the Box\Library\PackageCache\com.unity.modules.tilemap)
    com.unity.modules.ui@1.0.0 (location: E:\game\Push the Box\Library\PackageCache\com.unity.modules.ui)
    com.unity.modules.uielements@1.0.0 (location: E:\game\Push the Box\Library\PackageCache\com.unity.modules.uielements)
    com.unity.modules.umbra@1.0.0 (location: E:\game\Push the Box\Library\PackageCache\com.unity.modules.umbra)
    com.unity.modules.unityanalytics@1.0.0 (location: E:\game\Push the Box\Library\PackageCache\com.unity.modules.unityanalytics)
    com.unity.modules.unitywebrequest@1.0.0 (location: E:\game\Push the Box\Library\PackageCache\com.unity.modules.unitywebrequest)
    com.unity.modules.unitywebrequestassetbundle@1.0.0 (location: E:\game\Push the Box\Library\PackageCache\com.unity.modules.unitywebrequestassetbundle)
    com.unity.modules.unitywebrequestaudio@1.0.0 (location: E:\game\Push the Box\Library\PackageCache\com.unity.modules.unitywebrequestaudio)
    com.unity.modules.unitywebrequesttexture@1.0.0 (location: E:\game\Push the Box\Library\PackageCache\com.unity.modules.unitywebrequesttexture)
    com.unity.modules.unitywebrequestwww@1.0.0 (location: E:\game\Push the Box\Library\PackageCache\com.unity.modules.unitywebrequestwww)
    com.unity.modules.vectorgraphics@1.0.0 (location: E:\game\Push the Box\Library\PackageCache\com.unity.modules.vectorgraphics)
    com.unity.modules.vehicles@1.0.0 (location: E:\game\Push the Box\Library\PackageCache\com.unity.modules.vehicles)
    com.unity.modules.video@1.0.0 (location: E:\game\Push the Box\Library\PackageCache\com.unity.modules.video)
    com.unity.modules.vr@1.0.0 (location: E:\game\Push the Box\Library\PackageCache\com.unity.modules.vr)
    com.unity.modules.wind@1.0.0 (location: E:\game\Push the Box\Library\PackageCache\com.unity.modules.wind)
    com.unity.modules.xr@1.0.0 (location: E:\game\Push the Box\Library\PackageCache\com.unity.modules.xr)
    com.unity.modules.subsystems@1.0.0 (location: E:\game\Push the Box\Library\PackageCache\com.unity.modules.subsystems)
    com.unity.modules.hierarchycore@1.0.0 (location: E:\game\Push the Box\Library\PackageCache\com.unity.modules.hierarchycore)
[Subsystems] No new subsystems found in resolved package list.
[Package Manager] Done registering packages in 0.01 seconds
Starting: C:\Program Files\Unity\Hub\Editor\6000.3.24f1\Editor\Data\Tools\BuildPipeline\bee_backend.exe --ipc --defer-dag-verification --dagfile="Library/Bee/1900b0aE.dag" --continue-on-failure --profile="Library/Bee/backend1.traceevents" ScriptAssemblies
WorkingDir: E:/game/Push the Box
DisplayProgressbar: Compiling Scripts
ExitCode: 0 Duration: 0s81ms
*** Tundra build success (0.05 seconds), 0 items updated, 239 evaluated
AssetDatabase: script compilation time: 0.415325s
Begin MonoManager ReloadAssembly
- Loaded All Assemblies, in  0.400 seconds
Refreshing native plugins compatible for Editor in 0.00 ms, found 0 plugins.
Native extension for Android target not found
Native extension for WindowsStandalone target not found
ScheduleIndexationOnStartup MainProcess:True IndexOnStartup:True
Mono: successfully reloaded assembly
- Finished resetting the current domain, in  0.537 seconds
Domain Reload Profiling: 936ms
	BeginReloadAssembly (306ms)
		ExecutionOrderSort (0ms)
		DisableScriptedObjects (53ms)
		BackupInstance (0ms)
		ReleaseScriptingObjects (0ms)
		CreateAndSetChildDomain (141ms)
	RebuildCommonClasses (32ms)
	RebuildNativeTypeToScriptingClass (11ms)
	initialDomainReloadingComplete (18ms)
	LoadAllAssembliesAndSetupDomain (32ms)
		LoadAssemblies (88ms)
		RebuildTransferFunctionScriptingTraits (0ms)
		AnalyzeDomain (26ms)
			TypeCache.Refresh (17ms)
				TypeCache.ScanAssembly (12ms)
			BuildScriptInfoCaches (4ms)
			ResolveRequiredComponents (3ms)
	FinalizeReload (537ms)
		ReleaseScriptCaches (0ms)
		RebuildScriptCaches (0ms)
		SetupLoadedEditorAssemblies (365ms)
			LogAssemblyErrors (0ms)
			InitializePlatformSupportModulesInManaged (32ms)
			SetLoadedEditorAssemblies (3ms)
			BeforeProcessingInitializeOnLoad (143ms)
			ProcessInitializeOnLoadAttributes (130ms)
			ProcessInitializeOnLoadMethodAttributes (50ms)
			AfterProcessingInitializeOnLoad (6ms)
			EditorAssembliesLoaded (0ms)
		ExecutionOrderSort2 (0ms)
		AwakeInstancesAfterBackupRestoration (21ms)
Asset Pipeline Refresh (id=c0b4c2954c7a8194ab953f48a2c5a21f): Total: 1.495 seconds - Initiated by InitialRefreshV2(ForceSynchronousImport)
	Summary:
		Imports: total=0 (actual=0, local cache=0, cache server=0)
		Asset DB Process Time: managed=0 ms, native=646 ms
		Asset DB Callback time: managed=13 ms, native=8 ms
		Scripting: domain reloads=1, domain reload time=401 ms, compile time=417 ms, other=7 ms
		Project Asset Count: scripts=236, non-scripts=191
		Asset File Changes: new=0, changed=0, moved=0, deleted=0
		Scan Filter Count: 0
	InvokeCustomDependenciesCallbacks: 0.001ms
	InvokePackagesCallback: 10.179ms
	ApplyChangesToAssetFolders: 0.474ms
	Scan: 21.566ms
	OnSourceAssetsModified: 0.004ms
	CategorizeAssetsWithTransientArtifact: 1.402ms
	ProcessAssetsWithTransientArtifactChanges: 7.955ms
	CategorizeAssets: 3.761ms
	ImportOutOfDateAssets: 538.528ms (120.756ms without children)
		CompileScripts: 417.374ms
		ReloadNativeAssets: 0.001ms
		UnloadImportedAssets: 0.084ms
		EnsureUptoDateAssetsAreRegisteredWithGuidPM: 0.072ms
		InitializingProgressBar: 0.000ms
		PostProcessAllAssetNotificationsAddChangedAssets: 0.000ms
		OnDemandSchedulerStart: 0.241ms
	PostProcessAllAssets: 13.913ms
	GatherAllCurrentPrimaryArtifactRevisions: 0.002ms
	UnloadStreamsBegin: 1.250ms
	PersistCurrentRevisions: 0.014ms
	UnloadStreamsEnd: 0.003ms
	GenerateScriptTypeHashes: 0.975ms
	Untracked: 895.706ms

Application.AssetDatabase Initial Refresh End
Launched and connected shader compiler UnityShaderCompiler.exe after 0.01 seconds
Scanning for USB devices : 3.085ms
Initializing Unity extensions:
[MODES] ModeService[none].Initialize
[MODES] ModeService[none].LoadModes
[MODES] Loading mode Default (0) for mode-current-id-Push the Box
Unloading 3 Unused Serialized files (Serialized files now loaded: 0)
Unloading 516 unused Assets / (0.6 MB). Loaded Objects now: 1144.
Memory consumption went from 95.3 MB to 94.7 MB.
Total: 4.315200 ms (FindLiveObjects: 0.080100 ms CreateObjectMapping: 0.021900 ms MarkObjects: 3.887800 ms  DeleteObjects: 0.324900 ms)

Asset Pipeline Refresh (id=555e50e92905beb40ade12ad99390178): Total: 0.054 seconds - Initiated by RefreshV2(NoUpdateAssetOptions)
Start importing Assets/Art/Player.png using Guid(f2ef587829fd3b64997c9884ae1cc1b6) (TextureImporter) -> (artifact id: '0c88198ad5bc1c96e8c7c1ac5be47a86') in 0.0197145 seconds
Refreshing native plugins compatible for Editor in 0.00 ms, found 0 plugins.
Preloading 0 native plugins for Editor in 0.00 ms.
Asset Pipeline Refresh (id=91b418bf5102b1f4a93fb95dcc597945): Total: 0.061 seconds - Initiated by StopAssetImportingV2(NoUpdateAssetOptions)
Start importing Assets/Art/Box.png using Guid(fb61fe73e28261e4ba56f0ddf989d35b) (TextureImporter) -> (artifact id: '89d698eaef582c21498191f92adf605e') in 0.0041775 seconds
Refreshing native plugins compatible for Editor in 0.00 ms, found 0 plugins.
Preloading 0 native plugins for Editor in 0.00 ms.
Asset Pipeline Refresh (id=4d9560256f9a47549b4b779268c5133e): Total: 0.011 seconds - Initiated by StopAssetImportingV2(NoUpdateAssetOptions)
Start importing Assets/Art/BoxOnTarget.png using Guid(555e6d4e277f5ba49baf80efbef4da42) (TextureImporter) -> (artifact id: 'f8a2fbc7cb1d67abb671eabe0f42f954') in 0.0028012 seconds
Refreshing native plugins compatible for Editor in 0.00 ms, found 0 plugins.
Preloading 0 native plugins for Editor in 0.00 ms.
Asset Pipeline Refresh (id=07cd68a42cdcb794db7e1b20d4733f11): Total: 0.008 seconds - Initiated by StopAssetImportingV2(NoUpdateAssetOptions)
Start importing Assets/Art/Target.png using Guid(9f6fcc57dd5a8474ba79a17c9b346e6a) (TextureImporter) -> (artifact id: '47f3afcd1749594048be1bc0af955b24') in 0.0027731 seconds
Refreshing native plugins compatible for Editor in 0.00 ms, found 0 plugins.
Preloading 0 native plugins for Editor in 0.00 ms.
Asset Pipeline Refresh (id=c0aeccdbe90cf394184fe85a928f7640): Total: 0.008 seconds - Initiated by StopAssetImportingV2(NoUpdateAssetOptions)
Start importing Assets/Art/Wall.png using Guid(10afdce4e54e18c4296cee7bda03d200) (TextureImporter) -> (artifact id: '47ef5c85412821043d240e52621f358e') in 0.002502 seconds
Refreshing native plugins compatible for Editor in 0.00 ms, found 0 plugins.
Preloading 0 native plugins for Editor in 0.00 ms.
Asset Pipeline Refresh (id=794f9ff948d5fbc4ea5b805bb12b1952): Total: 0.008 seconds - Initiated by StopAssetImportingV2(NoUpdateAssetOptions)
Start importing Assets/Art/Floor.png using Guid(4a6c590fa2b713f4f9378cf4b3e0a73b) (TextureImporter) -> (artifact id: 'c234f89222ba6d97acfa14a77a81c1da') in 0.0023147 seconds
Refreshing native plugins compatible for Editor in 0.00 ms, found 0 plugins.
Preloading 0 native plugins for Editor in 0.00 ms.
Asset Pipeline Refresh (id=83653bb3f3291b64780824c684ab3e1c): Total: 0.007 seconds - Initiated by StopAssetImportingV2(NoUpdateAssetOptions)
Start importing Assets/Art/Star.png using Guid(31438e2df16a62e4c9b4cf4b8452a39d) (TextureImporter) -> (artifact id: '551dc4ace0edc453406ad58b24c5f582') in 0.0031683 seconds
Refreshing native plugins compatible for Editor in 0.00 ms, found 0 plugins.
Preloading 0 native plugins for Editor in 0.00 ms.
Asset Pipeline Refresh (id=f43f5c982e0e9724b89a73b79d41004a): Total: 0.008 seconds - Initiated by StopAssetImportingV2(NoUpdateAssetOptions)
Start importing Assets/ScriptableObjects/Levels/Level_3.asset using Guid(d3148128db49e454292c112648d3a26c) (NativeFormatImporter) -> (artifact id: '69fe4c1c71b843e3370f3aafba715106') in 0.0013014 seconds
Start importing Assets/ScriptableObjects/Levels/Level_5.asset using Guid(2a051051f1edd7f429a3ddc4aea4d942) (NativeFormatImporter) -> (artifact id: '78455a2f68a3c41e69bd6cb8ae0cd923') in 0.0009555 seconds
Start importing Assets/ScriptableObjects/Levels/Level_4.asset using Guid(fad082206075b5542a181502cfe28602) (NativeFormatImporter) -> (artifact id: 'fb5689a56dbbe8ce2cf82df77ec0dd2d') in 0.0010067 seconds
Start importing Assets/ScriptableObjects/Levels/Level_1.asset using Guid(8b7593515e0fcd542bd21a03aa59f620) (NativeFormatImporter) -> (artifact id: 'a3461b05c4cac0638e0bb9947fa70bd9') in 0.0007998 seconds
Start importing Assets/ScriptableObjects/Levels/Level_2.asset using Guid(8f4bd99150dc23847b995535eee20d93) (NativeFormatImporter) -> (artifact id: '8a0ac8fa2ad198f25a3ee4d148a01a4d') in 0.0008603 seconds
Refreshing native plugins compatible for Editor in 0.00 ms, found 0 plugins.
Preloading 0 native plugins for Editor in 0.00 ms.
Asset Pipeline Refresh (id=f176abdb2972d3446b068a1e65ed26dc): Total: 0.011 seconds - Initiated by StopAssetImportingV2(NoUpdateAssetOptions)
Asset Pipeline Refresh (id=cb30bcee0a7b14240957d5cb7a27b8c4): Total: 0.009 seconds - Initiated by RefreshV2(NoUpdateAssetOptions)
[AssetGenerator] Successfully generated all sprites and level data!
UnityEngine.Debug:ExtractStackTraceNoAlloc (byte*,int,string)
UnityEngine.StackTraceUtility:ExtractStackTrace ()
UnityEngine.DebugLogHandler:Internal_Log (UnityEngine.LogType,UnityEngine.LogOption,string,UnityEngine.Object)
UnityEngine.DebugLogHandler:LogFormat (UnityEngine.LogType,UnityEngine.Object,string,object[])
UnityEngine.Logger:Log (UnityEngine.LogType,object)
UnityEngine.Debug:Log (object)
PushTheBox.EditorTools.AssetGenerator:GenerateAll () (at Assets/Scripts/Editor/AssetGenerator.cs:17)
PushTheBox.EditorTools.SceneSetupHelper:SetupScene () (at Assets/Scripts/Editor/SceneSetupHelper.cs:23)

(Filename: Assets/Scripts/Editor/AssetGenerator.cs Line: 17)

Asset Pipeline Refresh (id=47823ebb32bc85d45817a4fb2b6c95db): Total: 0.004 seconds - Initiated by StopAssetImportingV2(NoUpdateAssetOptions)
Asset Pipeline Refresh (id=46542ad7782b707479d78496772a5d6a): Total: 0.003 seconds - Initiated by StopAssetImportingV2(NoUpdateAssetOptions)
Asset Pipeline Refresh (id=5dbba957783ac964a804a6b5e6e6465d): Total: 0.004 seconds - Initiated by StopAssetImportingV2(NoUpdateAssetOptions)
Asset Pipeline Refresh (id=0183a2488fa1ca446bbd6057e0b171f6): Total: 0.004 seconds - Initiated by StopAssetImportingV2(NoUpdateAssetOptions)
Asset Pipeline Refresh (id=67431f7cae9b70f408796ada62c28cf2): Total: 0.003 seconds - Initiated by StopAssetImportingV2(NoUpdateAssetOptions)
Asset Pipeline Refresh (id=33925e64f2e4b2f49b5b715549868c31): Total: 0.026 seconds - Initiated by RefreshV2(NoUpdateAssetOptions)
Unloading 0 Unused Serialized files (Serialized files now loaded: 0)
Unloading 56 unused Assets / (18.9 KB). Loaded Objects now: 1147.
Memory consumption went from 93.7 MB to 93.7 MB.
Total: 3.726500 ms (FindLiveObjects: 0.043300 ms CreateObjectMapping: 0.010400 ms MarkObjects: 3.548800 ms  DeleteObjects: 0.123300 ms)

Start importing Assets/Scenes/Game.unity using Guid(2674d21abcdda4c47842fb9e600491b6) (DefaultImporter) -> (artifact id: '6cb963fc9cc14a5a75354649bacad6a5') in 0.0007382 seconds
Refreshing native plugins compatible for Editor in 0.00 ms, found 0 plugins.
Preloading 0 native plugins for Editor in 0.00 ms.
Asset Pipeline Refresh (id=3cfac8e0c79b3324b815a6fb3ff683b6): Total: 0.013 seconds - Initiated by StopAssetImportingV2(NoUpdateAssetOptions)
[SceneSetupHelper] Game scene successfully created and configured at 'Assets/Scenes/Game.unity'!
UnityEngine.Debug:ExtractStackTraceNoAlloc (byte*,int,string)
UnityEngine.StackTraceUtility:ExtractStackTrace ()
UnityEngine.DebugLogHandler:Internal_Log (UnityEngine.LogType,UnityEngine.LogOption,string,UnityEngine.Object)
UnityEngine.DebugLogHandler:LogFormat (UnityEngine.LogType,UnityEngine.Object,string,object[])
UnityEngine.Logger:Log (UnityEngine.LogType,object)
UnityEngine.Debug:Log (object)
PushTheBox.EditorTools.SceneSetupHelper:SetupScene () (at Assets/Scripts/Editor/SceneSetupHelper.cs:466)

(Filename: Assets/Scripts/Editor/SceneSetupHelper.cs Line: 466)

Batchmode quit successfully invoked - shutting down!
Curl error 7: Failed to connect to config.uca.cloud.unity3d.com port 443 after 2237 ms: Could not connect to server
Killing ADB server in 2.0695068 seconds.
[Physics::Module] Cleanup current backend.
[Physics::Module] Id: 0xf2b8ea05
Input System module state changed to: ShutdownInProgress.
Input System polling thread exited.
Input System module state changed to: Shutdown.
[Licensing::IpcConnector] LicenseClient-WINDOWS-notifications channel disconnected successfully.
[Licensing::IpcConnector] LicenseClient-WINDOWS channel disconnected successfully.
AcceleratorClientConnectionCallback - disconnected - :0
Cleanup mono
Exiting batchmode successfully now!
Exiting without the bug reporter. Application will terminate with return code 0